[15:38:16] menu "menu    playermo" header 0x1D5FE040 screen 3440x1440
  +000  00 00 00 00 6C 0A 60 1D 88 DB 5F 1D 20 F2 5F 1D  |      0      0   2668   7520  -9336   7519  -3552   7519
  +010  10 00 80 00 80 00 28 01 0A 00 01 00 00 00 00 00  |     16    128    128    296     10      1      0      0
  +020  00 00 00 00 00 00 00 00 00 00 00 00 00 00 00 00  |      0      0      0      0      0      0      0      0
  +030  00 00 00 00 00 00 00 00 00 00 00 00 00 00 00 00  |      0      0      0      0      0      0      0      0
  +040  00 00 00 00 00 00 6D 65 6E 75 20 20 20 20 70 6C  |      0      0      0  25965  30062   8224   8224  27760
  +050  61 79 65 72 6D 6F 00 00 00 00 00 00 00 00 00 00  |  31073  29285  28525      0      0      0      0      0
  +060  00 00 00 00 00 00 00 00 00 00 00 00 00 00 00 00  |      0      0      0      0      0      0      0      0
  +070  52 C9 60 BF 00 05 00 88 00 00 00 00 00 00 00 00  | -13998 -16544   1280 -30720      0      0      0      0
  +080  F8 DA 5F 1D 48 EF 5F 1D 82 00 30 00 7E 01 28 01  |  -9480   7519  -4280   7519    130     48    382    296
  +090  00 00 00 00 00 00 00 00 00 00 00 00 00 00 00 00  |      0      0      0      0      0      0      0      0
  +0A0  00 00 00 00 00 00 00 00 00 00 00 00 00 00 00 00  |      0      0      0      0      0      0      0      0
  +0B0  00 00 00 00 00 00 00 00 00 00 00 00 00 00 6D 65  |      0      0      0      0      0      0      0  25965
  +0C0  6E 75 20 20 20 20 62 74 6C 73 6B 69 6C 6C 00 00  |  30062   8224   8224  29794  29548  26987  27756      0
  +0D0  00 00 00 00 00 00 00 00 00 00 00 00 00 00 00 00  |      0      0      0      0      0      0      0      0
  +0E0  00 00 00 00 00 00 00 00 61 C9 6F BF 00 06 00 88  |      0      0      0      0 -13983 -16529   1536 -30720
  +0F0  00 00 00 00 4C E7 5F 1D D8 D9 5F 1D A0 EE 5F 1D  |      0      0  -6324   7519  -9768   7519  -4448   7519
  +100  80 01 30 00 F0 01 8A 00 05 00 00 00 00 00 00 00  |    384     48    496    138      5      0      0      0
  +110  00 00 00 00 00 00 00 00 00 00 00 00 00 00 00 00  |      0      0      0      0      0      0      0      0
  +120  00 00 00 00 00 00 00 00 00 00 00 00 00 00 00 00  |      0      0      0      0      0      0      0      0
  +130  00 00 00 00 00 00 6D 65 6E 75 20 20 20 20 63 6F  |      0      0      0  25965  30062   8224   8224  28515
  +140  6E 66 74 78 74 63 00 00 00 00 00 00 00 00 00 00  |  26222  30836  25460      0      0      0      0      0
  +150  00 00 00 00 00 00 00 00 00 00 00 00 00 00 00 00  |      0      0      0      0      0      0      0      0
  +160  70 C9 5E BF 00 07 00 88 00 00 00 00 EC EC 5F 1D  | -13968 -16546   1792 -30720      0      0  -4884   7519
  +170  38 DA 5F 1D 00 F3 5F 1D 10 00 E0 00 80 00 38 01  |  -9672   7519  -3328   7519     16    224    128    312

[15:38:20] menu "menu    magic" header 0x1D5E0E10 screen 3440x1440
  +000  00 00 00 00 AC 13 5E 1D 30 A2 B6 04 E8 EB C3 04  |      0      0   5036   7518 -24016   1206  -5144   1219
  +010  10 00 60 00 C6 00 28 01 0C 00 01 00 00 00 00 00  |     16     96    198    296     12      1      0      0
  +020  00 00 00 00 00 00 00 00 00 00 00 00 00 00 00 00  |      0      0      0      0      0      0      0      0
  +030  00 00 00 00 00 00 00 00 00 00 00 00 00 00 00 00  |      0      0      0      0      0      0      0      0
  +040  00 00 00 00 08 01 6D 65 6E 75 20 20 20 20 6D 61  |      0      0    264  25965  30062   8224   8224  24941
  +050  67 69 63 20 20 20 00 00 00 00 00 00 0E 01 0F 01  |  26983   8291   8224      0      0      0    270    271
  +060  10 01 00 00 00 00 00 00 11 01 12 01 00 00 00 00  |    272      0      0      0    273    274      0      0
  +070  94 F4 5D BF 13 07 00 88 00 00 00 00 00 00 00 00  |  -2924 -16547   1811 -30720      0      0      0      0
  +080  88 18 5E 1D 00 00 00 00 10 00 2A 01 7E 01 40 01  |   6280   7518      0      0     16    298    382    320
  +090  00 00 00 00 00 00 00 00 00 00 00 00 00 00 00 00  |      0      0      0      0      0      0      0      0
  +0A0  00 00 00 00 00 00 00 00 00 00 00 00 00 00 00 00  |      0      0      0      0      0      0      0      0
  +0B0  00 00 00 00 00 00 00 00 00 00 00 00 22 01 6D 65  |      0      0      0      0      0      0    290  25965
  +0C0  6E 75 20 20 20 20 72 65 6D 31 6C 69 6E 65 00 00  |  30062   8224   8224  25970  12653  26988  25966      0
  +0D0  00 00 00 00 26 01 27 01 28 01 00 00 00 00 00 00  |      0      0    294    295    296      0      0      0
  +0E0  29 01 2A 01 00 00 00 00 9B F4 4C BF 2B 08 00 88  |    297    298      0      0  -2917 -16564   2091 -30720
  +0F0  00 00 00 00 44 22 5E 1D 80 17 5E 1D 18 EE C3 04  |      0      0   8772   7518   6016   7518  -4584   1219
  +100  10 00 90 00 C6 00 EE 00 08 00 00 00 00 00 00 00  |     16    144    198    238      8      0      0      0
  +110  00 00 00 00 00 00 00 00 00 00 00 00 00 00 00 00  |      0      0      0      0      0      0      0      0
  +120  00 00 00 00 00 00 00 00 00 00 00 00 00 00 00 00  |      0      0      0      0      0      0      0      0
  +130  00 00 00 00 3C 01 6D 65 6E 75 20 20 20 20 67 69  |      0      0    316  25965  30062   8224   8224  26983
  +140  66 74 20 20 20 20 00 00 00 00 00 00 40 01 41 01  |  29798   8224   8224      0      0      0    320    321
  +150  42 01 00 00 00 00 00 00 43 01 44 01 45 01 00 00  |    322      0      0      0    323    324    325      0
  +160  AA F4 BB BF 46 09 00 88 00 00 00 00 FC 22 5E 1D  |  -2902 -16453   2374 -30720      0      0   8956   7518
  +170  B0 17 5E 1D 58 EC C3 04 82 00 30 00 38 01 EE 00  |   6064   7518  -5032   1219    130     48    312    238

[15:38:36] menu "menu    abiselec" header 0x1D5F4FA8 screen 3440x1440
  +000  00 00 00 00 D4 86 5F 1D F0 84 5F 1D 60 23 5F 1D  |      0      0 -31020   7519 -31504   7519   9056   7519
  +010  10 00 CE 00 80 00 28 01 06 00 02 00 00 00 00 00  |     16    206    128    296      6      2      0      0
  +020  00 00 00 00 00 00 00 00 00 00 00 00 00 00 00 00  |      0      0      0      0      0      0      0      0
  +030  00 00 00 00 00 00 00 00 00 00 00 00 00 00 00 00  |      0      0      0      0      0      0      0      0
  +040  00 00 00 00 00 00 6D 65 6E 75 20 20 20 20 61 62  |      0      0      0  25965  30062   8224   8224  25185
  +050  69 73 65 6C 65 63 00 00 00 00 00 00 00 00 00 00  |  29545  27749  25445      0      0      0      0      0
  +060  00 00 00 00 00 00 00 00 00 00 00 00 00 00 00 00  |      0      0      0      0      0      0      0      0
  +070  47 DF 89 BF 00 0C 00 88 00 00 00 00 00 00 00 00  |  -8377 -16503   3072 -30720      0      0      0      0
  +080  D0 01 5F 1D F0 22 5F 1D 10 00 F0 00 7E 01 58 01  |    464   7519   8944   7519     16    240    382    344
  +090  00 00 00 00 00 00 00 00 00 00 00 00 00 00 00 00  |      0      0      0      0      0      0      0      0
  +0A0  00 00 00 00 00 00 00 00 00 00 00 00 00 00 00 00  |      0      0      0      0      0      0      0      0
  +0B0  00 00 00 00 00 00 00 00 00 00 00 00 00 00 6D 65  |      0      0      0      0      0      0      0  25965
  +0C0  6E 75 20 20 20 20 69 74 65 6D 36 69 6E 66 00 00  |  30062   8224   8224  29801  28005  26934  26222      0
  +0D0  00 00 00 00 00 00 00 00 00 00 00 00 00 00 00 00  |      0      0      0      0      0      0      0      0
  +0E0  00 00 00 00 00 00 00 00 56 DF F8 BF 00 0D 00 88  |      0      0      0      0  -8362 -16392   3328 -30720
  +0F0  00 00 00 00 C4 3D 5F 1D 88 83 5F 1D D0 8D 5F 1D  |      0      0  15812   7519 -31864   7519 -29232   7519
  +100  10 00 90 00 C6 00 EE 00 03 00 01 00 00 00 00 00  |     16    144    198    238      3      1      0      0
  +110  00 00 00 00 00 00 00 00 00 00 00 00 00 00 00 00  |      0      0      0      0      0      0      0      0
  +120  00 00 00 00 00 00 00 00 00 00 00 00 00 00 00 00  |      0      0      0      0      0      0      0      0
  +130  00 00 00 00 00 00 6D 65 6E 75 20 20 20 20 70 6F  |      0      0      0  25965  30062   8224   8224  28528
  +140  73 74 32 20 20 20 00 00 00 00 00 00 00 00 00 00  |  29811   8242   8224      0      0      0      0      0
  +150  00 00 00 00 00 00 00 00 00 00 00 00 00 00 00 00  |      0      0      0      0      0      0      0      0
  +160  65 DF E7 BF 00 0E 00 88 05 00 00 00 C0 C9 58 3B  |  -8347 -16409   3584 -30720      5      0 -13888  15192
  +170  28 32 5F 1D 00 00 00 00 00 00 00 00 00 00 00 00  |  12840   7519      0      0      0      0      0      0

[15:38:39] menu "menu    ability" header 0x04BBAED8 screen 3440x1440
  +000  00 00 00 00 F4 CF C3 04 60 A2 B6 04 50 AF BB 04  |      0      0 -12300   1219 -23968   1206 -20656   1211
  +010  10 00 60 00 C6 00 28 01 0C 00 01 00 00 00 00 00  |     16     96    198    296     12      1      0      0
  +020  00 00 00 00 00 00 00 00 00 00 00 00 00 00 00 00  |      0      0      0      0      0      0      0      0
  +030  00 00 00 00 00 00 00 00 00 00 00 00 00 00 00 00  |      0      0      0      0      0      0      0      0
  +040  00 00 00 00 00 00 6D 65 6E 75 20 20 20 20 61 62  |      0      0      0  25965  30062   8224   8224  25185
  +050  69 6C 69 74 79 20 00 00 00 00 00 00 00 00 00 00  |  27753  29801   8313      0      0      0      0      0
  +060  00 00 00 00 00 00 00 00 00 00 00 00 00 00 00 00  |      0      0      0      0      0      0      0      0
  +070  55 9B D0 0C 61 72 0C 08 61 6E 63 20 20 20 20 20  | -25771   3280  29281   2060  28257   8291   8224   8224
  +080  61 6E 63 5F 73 20 20 20 00 00 00 00 00 00 00 00  |  28257  24419   8307   8224      0      0      0      0
  +090  00 00 00 00 00 00 00 00 00 00 00 00 00 00 00 00  |      0      0      0      0      0      0      0      0
  +0A0  00 00 00 00 00 00 00 00 5B 9B D0 02 69 72 0C 08  |      0      0      0      0 -25765    720  29289   2060
  +0B0  00 00 C3 00 6D 65 6E 75 20 20 20 20 66 72 61 6D  |      0    195  25965  30062   8224   8224  29286  28001
  +0C0  65 73 75 73 00 00 00 00 00 00 00 00 06 00 00 00  |  29541  29557      0      0      0      0      6      0
  +0D0  61 6E 63 20 20 20 20 20 61 6E 63 5F 73 20 20 20  |  28257   8291   8224   8224  28257  24419   8307   8224
  +0E0  00 00 00 00 00 00 00 00 00 00 00 00 00 00 00 00  |      0      0      0      0      0      0      0      0
  +0F0  53 8B D8 12 67 72 0C 08 78 AF 63 1D C0 33 65 1D  | -29869   4824  29287   2060 -20616   7523  13248   7525
  +100  0F 00 00 00 C0 D0 E0 F0 A4 9A A2 B8 97 00 00 00  |     15      0 -12096  -3872 -25948 -18270    151      0
  +110  EC AF BB 04 FF FF FF FF FF FF FF FF FF FF FF FF  | -20500   1211     -1     -1     -1     -1     -1     -1
  +120  FF FF FF FF FF FF FF FF 44 43 0A BC 00 00 00 88  |     -1     -1     -1     -1  17220 -17398      0 -30720
  +130  00 00 00 00 00 00 00 00 09 00 09 00 02 00 21 00  |      0      0      0      0      9      9      2     33
  +140  00 00 00 00 00 00 00 00 00 00 00 00 00 80 80 80  |      0      0      0      0      0      0 -32768 -32640
  +150  80 80 80 80 80 80 80 80 80 61 61 61 61 01 00 02  | -32640 -32640 -32640 -32640  24960  24929    353    512
  +160  01 00 6D 65 6E 75 20 20 20 20 67 61 75 67 65 20  |      1  25965  30062   8224   8224  24935  26485   8293
  +170  20 20 00 00 00 00 00 00 00 00 00 00 D0 56 2A 3D  |   8224      0      0      0      0      0  22224  15658

[15:38:46] menu "menu    ability" header 0x04BBAED8 screen 3440x1440
  +000  00 00 00 00 F4 CF C3 04 60 A2 B6 04 50 AF BB 04  |      0      0 -12300   1219 -23968   1206 -20656   1211
  +010  10 00 60 00 C6 00 28 01 0C 00 01 00 00 00 00 00  |     16     96    198    296     12      1      0      0
  +020  00 00 00 00 00 00 00 00 00 00 00 00 00 00 00 00  |      0      0      0      0      0      0      0      0
  +030  00 00 00 00 00 00 00 00 00 00 00 00 00 00 00 00  |      0      0      0      0      0      0      0      0
  +040  00 00 00 00 00 00 6D 65 6E 75 20 20 20 20 61 62  |      0      0      0  25965  30062   8224   8224  25185
  +050  69 6C 69 74 79 20 00 00 00 00 00 00 00 00 00 00  |  27753  29801   8313      0      0      0      0      0
  +060  00 00 00 00 00 00 00 00 00 00 00 00 00 00 00 00  |      0      0      0      0      0      0      0      0
  +070  55 9B D0 0C 61 72 0C 08 61 6E 63 20 20 20 20 20  | -25771   3280  29281   2060  28257   8291   8224   8224
  +080  61 6E 63 5F 73 20 20 20 00 00 00 00 00 00 00 00  |  28257  24419   8307   8224      0      0      0      0
  +090  00 00 00 00 00 00 00 00 00 00 00 00 00 00 00 00  |      0      0      0      0      0      0      0      0
  +0A0  00 00 00 00 00 00 00 00 5B 9B D0 02 69 72 0C 08  |      0      0      0      0 -25765    720  29289   2060
  +0B0  00 00 C3 00 6D 65 6E 75 20 20 20 20 66 72 61 6D  |      0    195  25965  30062   8224   8224  29286  28001
  +0C0  65 73 75 73 00 00 00 00 00 00 00 00 06 00 00 00  |  29541  29557      0      0      0      0      6      0
  +0D0  61 6E 63 20 20 20 20 20 61 6E 63 5F 73 20 20 20  |  28257   8291   8224   8224  28257  24419   8307   8224
  +0E0  00 00 00 00 00 00 00 00 00 00 00 00 00 00 00 00  |      0      0      0      0      0      0      0      0
  +0F0  53 8B D8 12 67 72 0C 08 78 AF 63 1D C0 33 65 1D  | -29869   4824  29287   2060 -20616   7523  13248   7525
  +100  0F 00 00 00 C0 D0 E0 F0 A4 9A A2 B8 97 00 00 00  |     15      0 -12096  -3872 -25948 -18270    151      0
  +110  EC AF BB 04 FF FF FF FF FF FF FF FF FF FF FF FF  | -20500   1211     -1     -1     -1     -1     -1     -1
  +120  FF FF FF FF FF FF FF FF 44 43 0A BC 00 00 00 88  |     -1     -1     -1     -1  17220 -17398      0 -30720
  +130  00 00 00 00 00 00 00 00 09 00 09 00 02 00 21 00  |      0      0      0      0      9      9      2     33
  +140  00 00 00 00 00 00 00 00 00 00 00 00 00 80 80 80  |      0      0      0      0      0      0 -32768 -32640
  +150  80 80 80 80 80 80 80 80 80 61 61 61 61 01 00 02  | -32640 -32640 -32640 -32640  24960  24929    353    512
  +160  01 00 6D 65 6E 75 20 20 20 20 67 61 75 67 65 20  |      1  25965  30062   8224   8224  24935  26485   8293
  +170  20 20 00 00 00 00 00 00 00 00 00 00 D0 56 2A 3D  |   8224      0      0      0      0      0  22224  15658

[16:17:36] menu "menu    inventor" header 0x04C30680 screen 3440x1440
  +000  00 00 00 00 04 AE BB 04 10 A1 B6 04 50 05 C3 04  |      0      0 -20988   1211 -24304   1206   1360   1219
  +010  10 00 30 00 C6 00 EE 00 0A 00 09 00 00 00 00 00  |     16     48    198    238     10      9      0      0
  +020  00 00 00 00 00 00 00 00 00 00 00 00 00 00 00 00  |      0      0      0      0      0      0      0      0
  +030  00 00 00 00 00 00 00 00 00 00 00 00 00 00 00 00  |      0      0      0      0      0      0      0      0
  +040  00 00 00 00 80 56 6D 65 6E 75 20 20 20 20 69 6E  |      0      0  22144  25965  30062   8224   8224  28265
  +050  76 65 6E 74 6F 72 D7 04 90 01 DC 04 30 3F DC 04  |  25974  29806  29295   1239    400   1244  16176   1244
  +060  20 28 DF 04 60 28 DF 04 A0 28 DF 04 E0 28 DF 04  |  10272   1247  10336   1247  10400   1247  10464   1247
  +070  5B 9B D0 02 61 72 00 08 00 00 06 00 6D 65 6E 75  | -25765    720  29281   2048      0      6  25965  30062
  +080  20 20 20 20 66 72 61 6D 65 73 75 73 00 00 00 00  |   8224   8224  29286  28001  29541  29557      0      0
  +090  10 2A 62 1D 06 00 00 00 61 6E 63 20 20 20 20 20  |  10768   7522      6      0  28257   8291   8224   8224
  +0A0  61 6E 63 5F 69 74 65 6D 00 00 00 00 00 00 00 00  |  28257  24419  29801  28005      0      0      0      0
  +0B0  20 2D DF 04 60 2D DF 04 5B 9B D0 02 67 72 00 08  |  11552   1247  11616   1247 -25765    720  29287   2048
  +0C0  00 00 1E 00 6D 65 6E 75 20 20 20 20 66 72 61 6D  |      0     30  25965  30062   8224   8224  29286  28001
  +0D0  65 73 75 73 00 00 00 00 10 2A 62 1D 06 00 00 00  |  29541  29557      0      0  10768   7522      6      0
  +0E0  61 6E 63 20 20 20 20 20 61 6E 63 5F 73 20 20 20  |  28257   8291   8224   8224  28257  24419   8307   8224
  +0F0  00 00 00 00 00 00 00 00 F0 8C EF 04 70 A5 EF 04  |      0      0      0      0 -29456   1263 -23184   1263
  +100  56 9B D1 0E 67 72 00 00 28 AA DF 23 E0 FC C6 23  | -25770   3793  29287      0 -21976   9183   -800   9158
  +110  D0 72 EF 04 D0 72 EF 04 D0 72 EF 04 81 72 FC 04  |  29392   1263  29392   1263  29392   1263  29313   1276
  +120  4B 9B D0 12 6A 72 00 08 FC 95 FC 04 F8 95 FC 04  | -25781   4816  29290   2048 -27140   1276 -27144   1276
  +130  00 00 00 00 00 00 00 00 00 00 00 00 00 00 00 00  |      0      0      0      0      0      0      0      0
  +140  01 00 00 00 01 00 00 00 01 00 00 00 00 00 00 00  |      1      0      1      0      1      0      0      0
  +150  03 00 00 00 00 00 00 00 00 00 00 00 00 00 00 00  |      3      0      0      0      0      0      0      0
  +160  00 00 00 00 00 00 00 00 00 00 00 00 00 00 C8 C2  |      0      0      0      0      0      0      0 -15672
  +170  00 00 00 00 00 00 00 00 01 00 00 00 00 00 00 00  |      0      0      0      0      1      0      0      0
  nearby menu blocks (offset from focused, name, raw x1 y1 x2 y2):
         +0  menu    inventor     16    48   198   238
        +54  menu    framesus  25965 30062  8224  8224
       +126  menu    framesus      0 10768  7522     6
     +21646  menu    keytops3      0 -25645 -32040 29291
     +21726  menu    keytops3      0 24106 -17398   256
     +21846  menu    keytops3      0 24121 -17381  1024
     +21886  menu    keytops3      0 24262 -17378  1280
     +22006  menu    keytops3      0 24277 -17361  2048
     +22046  menu    keytops3   1219 24274 -17358  2304
     +22086  menu    keytops3      0 24287 -17355  2560
     +22126  menu    keytops3      0 24292 -17352  2816
     +22166  menu    keytops3      0 24289 -17341  3072
     +22206  menu    keytops3      0 24302 -17338  3328
     +22286  menu    keytops3      0 24304 -17332  3840
     +22326  menu    keytops3      0 24317 -17321  4096
     +22446  menu    keytops3      0 24204 -17312  4864
     +22526  menu    keytops3      0 24214 -17298  5376
     +22566  menu    keytops3      0 24211 -17295  5632

[16:17:50] menu "menu    menuwind" header 0x04C3E058 screen 3440x1440
  +000  00 00 00 00 54 E1 C3 04 E0 A0 B6 04 18 E1 C3 04  |      0      0  -7852   1219 -24352   1206  -7912   1219
  +010  80 01 30 00 F0 01 FA 00 0F 00 04 00 00 00 00 00  |    384     48    496    250     15      4      0      0
  +020  00 00 00 00 00 00 00 00 00 00 00 00 00 00 00 00  |      0      0      0      0      0      0      0      0
  +030  00 00 00 00 00 00 00 00 00 00 00 00 00 00 00 00  |      0      0      0      0      0      0      0      0
  +040  00 00 00 00 00 00 6D 65 6E 75 20 20 20 20 6D 65  |      0      0      0  25965  30062   8224   8224  25965
  +050  6E 75 77 69 6E 64 00 00 00 00 00 00 00 00 00 00  |  30062  26999  25710      0      0      0      0      0
  +060  00 00 00 00 00 00 00 00 00 00 00 00 00 00 00 00  |      0      0      0      0      0      0      0      0
  +070  5B 9B D0 02 61 72 00 08 00 00 0B 00 6D 65 6E 75  | -25765    720  29281   2048      0     11  25965  30062
  +080  20 20 20 20 63 6F 6D 77 69 6E 20 20 00 00 00 00  |   8224   8224  28515  30573  28265   8224      0      0
  +090  B0 2F 62 1D 06 00 00 00 61 6E 63 20 20 20 20 20  |  12208   7522      6      0  28257   8291   8224   8224
  +0A0  61 6E 63 5F 73 20 20 20 00 00 00 00 00 00 00 00  |  28257  24419   8307   8224      0      0      0      0
  +0B0  00 00 00 00 00 00 00 00 55 9B D0 0C 67 72 00 08  |      0      0      0      0 -25771   3280  29287   2048
  +0C0  61 6E 63 20 20 20 20 20 61 6E 63 5F 73 20 20 20  |  28257   8291   8224   8224  28257  24419   8307   8224
  +0D0  00 00 00 00 00 00 00 00 00 00 00 00 00 00 00 00  |      0      0      0      0      0      0      0      0
  +0E0  00 00 00 00 00 00 00 00 00 00 00 00 00 00 00 00  |      0      0      0      0      0      0      0      0
  +0F0  75 9B D0 2C 69 72 00 08 0F 00 00 00 00 E7 59 3B  | -25739  11472  29289   2048     15      0  -6400  15193
  +100  78 D6 C3 04 E4 4B B9 04 3C 7F BA 04 00 00 00 00  | -10632   1219  19428   1209  32572   1210      0      0
  +110  40 E7 59 3B 18 D7 C3 04 1C 4C B9 04 24 72 BA 04  |  -6336  15193 -10472   1219  19484   1209  29220   1210
  +120  00 00 00 00 80 E7 59 3B C8 D6 C3 04 60 4C B9 04  |      0      0  -6272  15193 -10552   1219  19552   1209
  +130  3C 7E BA 04 00 00 00 00 C0 E7 59 3B 68 D7 C3 04  |  32316   1210      0      0  -6208  15193 -10392   1219
  +140  A4 4C B9 04 9C 6E BA 04 00 00 00 00 00 E8 59 3B  |  19620   1209  28316   1210      0      0  -6144  15193
  +150  D0 D8 C3 04 E4 4C B9 04 A0 7C BA 04 00 00 00 00  | -10032   1219  19684   1209  31904   1210      0      0
  +160  40 E8 59 3B 88 E2 C3 04 34 4D B9 04 F4 71 BA 04  |  -6080  15193  -7544   1219  19764   1209  29172   1210
  +170  00 00 00 00 90 E8 59 3B 28 D6 C3 04 78 4D B9 04  |      0      0  -6000  15193 -10712   1219  19832   1209
  (nearby memory not readable; skipped)

[16:19:20] menu "menu    inventor" header 0x04C30680 screen 3440x1440
  +000  00 00 00 00 04 AE BB 04 10 A1 B6 04 50 05 C3 04  |      0      0 -20988   1211 -24304   1206   1360   1219
  +010  10 00 30 00 C6 00 EE 00 0A 00 09 00 00 00 00 00  |     16     48    198    238     10      9      0      0
  +020  00 00 00 00 00 00 00 00 00 00 00 00 00 00 00 00  |      0      0      0      0      0      0      0      0
  +030  00 00 00 00 00 00 00 00 00 00 00 00 00 00 00 00  |      0      0      0      0      0      0      0      0
  +040  00 00 00 00 80 56 6D 65 6E 75 20 20 20 20 69 6E  |      0      0  22144  25965  30062   8224   8224  28265
  +050  76 65 6E 74 6F 72 D7 04 90 01 DC 04 30 3F DC 04  |  25974  29806  29295   1239    400   1244  16176   1244
  +060  20 28 DF 04 60 28 DF 04 A0 28 DF 04 E0 28 DF 04  |  10272   1247  10336   1247  10400   1247  10464   1247
  +070  5B 9B D0 02 61 72 00 08 00 00 06 00 6D 65 6E 75  | -25765    720  29281   2048      0      6  25965  30062
  +080  20 20 20 20 66 72 61 6D 65 73 75 73 00 00 00 00  |   8224   8224  29286  28001  29541  29557      0      0
  +090  10 2A 62 1D 06 00 00 00 61 6E 63 20 20 20 20 20  |  10768   7522      6      0  28257   8291   8224   8224
  +0A0  61 6E 63 5F 69 74 65 6D 00 00 00 00 00 00 00 00  |  28257  24419  29801  28005      0      0      0      0
  +0B0  20 2D DF 04 60 2D DF 04 5B 9B D0 02 67 72 00 08  |  11552   1247  11616   1247 -25765    720  29287   2048
  +0C0  00 00 1E 00 6D 65 6E 75 20 20 20 20 66 72 61 6D  |      0     30  25965  30062   8224   8224  29286  28001
  +0D0  65 73 75 73 00 00 00 00 10 2A 62 1D 06 00 00 00  |  29541  29557      0      0  10768   7522      6      0
  +0E0  61 6E 63 20 20 20 20 20 61 6E 63 5F 73 20 20 20  |  28257   8291   8224   8224  28257  24419   8307   8224
  +0F0  00 00 00 00 00 00 00 00 F0 8C EF 04 70 A5 EF 04  |      0      0      0      0 -29456   1263 -23184   1263
  +100  56 9B D1 0E 67 72 00 00 28 AA DF 23 E0 FC C6 23  | -25770   3793  29287      0 -21976   9183   -800   9158
  +110  D0 72 EF 04 D0 72 EF 04 D0 72 EF 04 81 72 FC 04  |  29392   1263  29392   1263  29392   1263  29313   1276
  +120  4B 9B D0 12 6A 72 00 08 FC 95 FC 04 F8 95 FC 04  | -25781   4816  29290   2048 -27140   1276 -27144   1276
  +130  00 00 00 00 00 00 00 00 00 00 00 00 00 00 00 00  |      0      0      0      0      0      0      0      0
  +140  01 00 00 00 01 00 00 00 01 00 00 00 00 00 00 00  |      1      0      1      0      1      0      0      0
  +150  03 00 00 00 00 00 00 00 00 00 00 00 00 00 00 00  |      3      0      0      0      0      0      0      0
  +160  00 00 00 00 00 00 00 00 00 00 00 00 00 00 C8 C2  |      0      0      0      0      0      0      0 -15672
  +170  00 00 00 00 00 00 00 00 01 00 00 00 00 00 00 00  |      0      0      0      0      1      0      0      0
  nearby menu blocks (offset from focused, name, raw x1 y1 x2 y2):
         +0  menu    inventor     16    48   198   238
        +54  menu    framesus  25965 30062  8224  8224
       +126  menu    framesus      0 10768  7522     6
     +21646  menu    keytops3      0 -25645 -32040 29291
     +21726  menu    keytops3      0 24106 -17398   256
     +21846  menu    keytops3      0 24121 -17381  1024
     +21886  menu    keytops3      0 24262 -17378  1280
     +22006  menu    keytops3      0 24277 -17361  2048
     +22046  menu    keytops3   1219 24274 -17358  2304
     +22086  menu    keytops3      0 24287 -17355  2560
     +22126  menu    keytops3      0 24292 -17352  2816
     +22166  menu    keytops3      0 24289 -17341  3072
     +22206  menu    keytops3      0 24302 -17338  3328
     +22286  menu    keytops3      0 24304 -17332  3840
     +22326  menu    keytops3      0 24317 -17321  4096
     +22446  menu    keytops3      0 24204 -17312  4864
     +22526  menu    keytops3      0 24214 -17298  5376
     +22566  menu    keytops3      0 24211 -17295  5632
  chain via +0x04:
     1  0x04BBAE04  (not a menu)
     2  0x04C35EC0  (not a menu)
     3  0x756E656D  (not a menu)
     4  0x00000000  (not a menu)
  chain via +0x08:
     1  0x04B6A110  (not a menu)
     2  0x04B8E320  (not a menu)
     3  0x7469206E  (not a menu)
     4  0x49E0746A  (not a menu)
     5  0x00000000  (not a menu)
  chain via +0x0C:
     1  0x04C30550  (not a menu)
     2  0x6D657469  (not a menu)
     3  0x848B8208  (not a menu)
     4  0x3F007218  (not a menu)
     5  0x00000000  (not a menu)

